\BOOKMARK [1][-]{section.1}{\376\377\000I\000n\000t\000r\000o\000d\000u\000c\000t\000i\000o\000n}{}% 1
\BOOKMARK [1][-]{section.2}{\376\377\000T\000h\000i\000s\000\040\000i\000s\000\040\000a\000n\000\040\000e\000x\000a\000m\000p\000l\000e\000\040\000f\000o\000r\000\040\000f\000i\000r\000s\000t\000\040\000l\000e\000v\000e\000l\000\040\000h\000e\000a\000d\000\040\000-\000\040\000s\000e\000c\000t\000i\000o\000n\000\040\000h\000e\000a\000d}{}% 2
\BOOKMARK [2][-]{subsection.2.1}{\376\377\000T\000h\000i\000s\000\040\000i\000s\000\040\000a\000n\000\040\000e\000x\000a\000m\000p\000l\000e\000\040\000f\000o\000r\000\040\000s\000e\000c\000o\000n\000d\000\040\000l\000e\000v\000e\000l\000\040\000h\000e\000a\000d\000\040\000-\000\040\000s\000u\000b\000s\000e\000c\000t\000i\000o\000n\000\040\000h\000e\000a\000d}{section.2}% 3
\BOOKMARK [3][-]{subsubsection.2.1.1}{\376\377\000T\000h\000i\000s\000\040\000i\000s\000\040\000a\000n\000\040\000e\000x\000a\000m\000p\000l\000e\000\040\000f\000o\000r\000\040\000t\000h\000i\000r\000d\000\040\000l\000e\000v\000e\000l\000\040\000h\000e\000a\000d\000\040\000-\000\040\000s\000u\000b\000s\000u\000b\000s\000e\000c\000t\000i\000o\000n\000\040\000h\000e\000a\000d}{subsection.2.1}% 4
\BOOKMARK [4][-]{section*.1}{\376\377\000T\000h\000i\000s\000\040\000i\000s\000\040\000a\000n\000\040\000e\000x\000a\000m\000p\000l\000e\000\040\000f\000o\000r\000\040\000f\000o\000u\000r\000t\000h\000\040\000l\000e\000v\000e\000l\000\040\000h\000e\000a\000d\000\040\000-\000\040\000p\000a\000r\000a\000g\000r\000a\000p\000h\000\040\000h\000e\000a\000d}{subsubsection.2.1.1}% 5
\BOOKMARK [1][-]{section.3}{\376\377\000T\000h\000i\000s\000\040\000i\000s\000\040\000a\000n\000\040\000e\000x\000a\000m\000p\000l\000e\000\040\000f\000o\000r\000\040\000f\000i\000r\000s\000t\000\040\000l\000e\000v\000e\000l\000\040\000h\000e\000a\000d}{}% 6
\BOOKMARK [2][-]{subsection.3.1}{\376\377\000T\000h\000i\000s\000\040\000i\000s\000\040\000a\000n\000\040\000e\000x\000a\000m\000p\000l\000e\000\040\000f\000o\000r\000\040\000s\000e\000c\000o\000n\000d\000\040\000l\000e\000v\000e\000l\000\040\000h\000e\000a\000d\000\040\000-\000\040\000s\000u\000b\000s\000e\000c\000t\000i\000o\000n\000\040\000h\000e\000a\000d}{section.3}% 7
\BOOKMARK [3][-]{subsubsection.3.1.1}{\376\377\000T\000h\000i\000s\000\040\000i\000s\000\040\000a\000n\000\040\000e\000x\000a\000m\000p\000l\000e\000\040\000f\000o\000r\000\040\000t\000h\000i\000r\000d\000\040\000l\000e\000v\000e\000l\000\040\000h\000e\000a\000d\000\040\000-\000\040\000s\000u\000b\000s\000u\000b\000s\000e\000c\000t\000i\000o\000n\000\040\000h\000e\000a\000d}{subsection.3.1}% 8
\BOOKMARK [4][-]{section*.2}{\376\377\000T\000h\000i\000s\000\040\000i\000s\000\040\000a\000n\000\040\000e\000x\000a\000m\000p\000l\000e\000\040\000f\000o\000r\000\040\000f\000o\000u\000r\000t\000h\000\040\000l\000e\000v\000e\000l\000\040\000h\000e\000a\000d\000\040\000-\000\040\000p\000a\000r\000a\000g\000r\000a\000p\000h\000\040\000h\000e\000a\000d}{subsubsection.3.1.1}% 9
\BOOKMARK [1][-]{section.4}{\376\377\000E\000q\000u\000a\000t\000i\000o\000n\000s}{}% 10
\BOOKMARK [1][-]{section.5}{\376\377\000T\000a\000b\000l\000e\000s}{}% 11
\BOOKMARK [1][-]{section.6}{\376\377\000F\000i\000g\000u\000r\000e\000s}{}% 12
\BOOKMARK [1][-]{section.7}{\376\377\000A\000l\000g\000o\000r\000i\000t\000h\000m\000s\000,\000\040\000P\000r\000o\000g\000r\000a\000m\000\040\000c\000o\000d\000e\000s\000\040\000a\000n\000d\000\040\000L\000i\000s\000t\000i\000n\000g\000s}{}% 13
\BOOKMARK [1][-]{section.8}{\376\377\000C\000r\000o\000s\000s\000\040\000r\000e\000f\000e\000r\000e\000n\000c\000i\000n\000g}{}% 14
\BOOKMARK [2][-]{subsection.8.1}{\376\377\000D\000e\000t\000a\000i\000l\000s\000\040\000o\000n\000\040\000r\000e\000f\000e\000r\000e\000n\000c\000e\000\040\000c\000i\000t\000a\000t\000i\000o\000n\000s}{section.8}% 15
\BOOKMARK [1][-]{section.9}{\376\377\000L\000i\000s\000t\000s}{}% 16
\BOOKMARK [1][-]{section.10}{\376\377\000E\000x\000a\000m\000p\000l\000e\000s\000\040\000f\000o\000r\000\040\000t\000h\000e\000o\000r\000e\000m\000-\000l\000i\000k\000e\000\040\000e\000n\000v\000i\000r\000o\000n\000m\000e\000n\000t\000s}{}% 17
\BOOKMARK [1][-]{section.11}{\376\377\000C\000o\000n\000c\000l\000u\000s\000i\000o\000n}{}% 18
\BOOKMARK [1][-]{appendix.a.A}{\376\377\000S\000e\000c\000t\000i\000o\000n\000\040\000t\000i\000t\000l\000e\000\040\000o\000f\000\040\000f\000i\000r\000s\000t\000\040\000a\000p\000p\000e\000n\000d\000i\000x}{}% 19
\BOOKMARK [2][-]{subsection.a.A.1}{\376\377\000S\000u\000b\000s\000e\000c\000t\000i\000o\000n\000\040\000t\000i\000t\000l\000e\000\040\000o\000f\000\040\000f\000i\000r\000s\000t\000\040\000a\000p\000p\000e\000n\000d\000i\000x}{appendix.a.A}% 20
\BOOKMARK [3][-]{subsubsection.a.A.1.1}{\376\377\000S\000u\000b\000s\000u\000b\000s\000e\000c\000t\000i\000o\000n\000\040\000t\000i\000t\000l\000e\000\040\000o\000f\000\040\000f\000i\000r\000s\000t\000\040\000a\000p\000p\000e\000n\000d\000i\000x}{subsection.a.A.1}% 21
\BOOKMARK [1][-]{appendix.a.B}{\376\377\000S\000e\000c\000t\000i\000o\000n\000\040\000t\000i\000t\000l\000e\000\040\000o\000f\000\040\000s\000e\000c\000o\000n\000d\000\040\000a\000p\000p\000e\000n\000d\000i\000x}{}% 22
\BOOKMARK [2][-]{subsection.a.B.1}{\376\377\000S\000u\000b\000s\000e\000c\000t\000i\000o\000n\000\040\000t\000i\000t\000l\000e\000\040\000o\000f\000\040\000s\000e\000c\000o\000n\000d\000\040\000a\000p\000p\000e\000n\000d\000i\000x}{appendix.a.B}% 23
\BOOKMARK [3][-]{subsubsection.a.B.1.1}{\376\377\000S\000u\000b\000s\000u\000b\000s\000e\000c\000t\000i\000o\000n\000\040\000t\000i\000t\000l\000e\000\040\000o\000f\000\040\000s\000e\000c\000o\000n\000d\000\040\000a\000p\000p\000e\000n\000d\000i\000x}{subsection.a.B.1}% 24
\BOOKMARK [1][-]{appendix.a.C}{\376\377\000E\000x\000a\000m\000p\000l\000e\000\040\000o\000f\000\040\000a\000n\000o\000t\000h\000e\000r\000\040\000a\000p\000p\000e\000n\000d\000i\000x\000\040\000s\000e\000c\000t\000i\000o\000n}{}% 25
\BOOKMARK [1][-]{appendix.12}{\376\377\000C\000o\000m\000p\000e\000t\000i\000n\000g\000\040\000i\000n\000t\000e\000r\000e\000s\000t\000s}{}% 26
\BOOKMARK [1][-]{appendix.13}{\376\377\000A\000u\000t\000h\000o\000r\000\040\000c\000o\000n\000t\000r\000i\000b\000u\000t\000i\000o\000n\000s\000\040\000s\000t\000a\000t\000e\000m\000e\000n\000t}{}% 27
\BOOKMARK [1][-]{appendix.14}{\376\377\000A\000c\000k\000n\000o\000w\000l\000e\000d\000g\000m\000e\000n\000t\000s}{}% 28
